apples                              6.96
  1.99 * 3.500
2 for 2.0 (apples)                 -1.98

Total:                              4.98
