apples                              5.97
  1.99 * 3.000
2 for 2.0 (apples)                 -1.98

Total:                              3.99
