apples                             11.94
  1.99 * 6.000
2 for 2.0 (apples)                 -5.94

Total:                              6.00
