apples                              2.98
  1.99 * 1.500

Total:                              2.98
